// Jest Snapshot v1, https://goo.gl/fbAQLP

exports[`FormCrearProducto test should match snapshot 1`] = `
<div>
  <form>
    <h2>
      Form test
    </h2>
    <input
      class="sc-AxiKw deCLXK"
      name="title"
      placeholder="Title"
      value=""
    />
    <input
      class="sc-AxiKw deCLXK"
      name="slug"
      placeholder="Slug"
      value=""
    />
    <input
      class="sc-AxiKw deCLXK"
      name="body"
      placeholder="Body"
      value=""
    />
    <button
      class="sc-AxjAm iPvOGw"
      type="submit"
    >
      Registrar
    </button>
  </form>
</div>
`;
